
分配公共符号
公共符号            大小              文件

g_vfsmount          0x4               /mnt/walnut/build/vfs_main.o
startup_time        0x4               /mnt/walnut/build/sched.o
g_fslist            0x4               /mnt/walnut/build/vfs_main.o
errno               0x4               /mnt/walnut/build/errorno.o
do_hd               0x4               /mnt/walnut/build/syscall.o
current_pdt         0x4               /mnt/walnut/build/heap.o
glb_mboot_ptr       0x4               /mnt/walnut/build/mm.o
user_stack_top      0x4               /mnt/walnut/build/main.o
user_stack          0x2000            /mnt/walnut/build/main.o
g_sblk              0x4               /mnt/walnut/build/vfs_main.o
jiffies             0x4               /mnt/walnut/build/sched.o
do_floppy           0x4               /mnt/walnut/build/syscall.o

舍弃的输入节

 .group         0x0000000000000000        0x8 /mnt/walnut/build/console.o
 .group         0x0000000000000000        0x8 /mnt/walnut/build/console.o
 .group         0x0000000000000000        0x8 /mnt/walnut/build/console.o
 .comment       0x0000000000000000       0x2c /mnt/walnut/build/console.o
 .eh_frame      0x0000000000000000      0x2b8 /mnt/walnut/build/console.o
 .comment       0x0000000000000000       0x2c /mnt/walnut/build/errorno.o
 .comment       0x0000000000000000       0x2c /mnt/walnut/build/fork.o
 .eh_frame      0x0000000000000000       0xa8 /mnt/walnut/build/fork.o
 .group         0x0000000000000000        0x8 /mnt/walnut/build/hd.o
 .group         0x0000000000000000        0x8 /mnt/walnut/build/hd.o
 .group         0x0000000000000000        0x8 /mnt/walnut/build/hd.o
 .text.__x86.get_pc_thunk.ax
                0x0000000000000000        0x4 /mnt/walnut/build/hd.o
 .text.__x86.get_pc_thunk.cx
                0x0000000000000000        0x4 /mnt/walnut/build/hd.o
 .text.__x86.get_pc_thunk.bx
                0x0000000000000000        0x4 /mnt/walnut/build/hd.o
 .comment       0x0000000000000000       0x2c /mnt/walnut/build/hd.o
 .eh_frame      0x0000000000000000      0x190 /mnt/walnut/build/hd.o
 .group         0x0000000000000000        0x8 /mnt/walnut/build/heap.o
 .group         0x0000000000000000        0x8 /mnt/walnut/build/heap.o
 .text.__x86.get_pc_thunk.ax
                0x0000000000000000        0x4 /mnt/walnut/build/heap.o
 .text.__x86.get_pc_thunk.bx
                0x0000000000000000        0x4 /mnt/walnut/build/heap.o
 .comment       0x0000000000000000       0x2c /mnt/walnut/build/heap.o
 .eh_frame      0x0000000000000000      0x170 /mnt/walnut/build/heap.o
 .group         0x0000000000000000        0x8 /mnt/walnut/build/init.o
 .text.__x86.get_pc_thunk.ax
                0x0000000000000000        0x4 /mnt/walnut/build/init.o
 .comment       0x0000000000000000       0x2c /mnt/walnut/build/init.o
 .eh_frame      0x0000000000000000       0x50 /mnt/walnut/build/init.o
 .comment       0x0000000000000000       0x2c /mnt/walnut/build/io.o
 .comment       0x0000000000000000       0x2c /mnt/walnut/build/kern_debug.o
 .eh_frame      0x0000000000000000       0xdc /mnt/walnut/build/kern_debug.o
 .group         0x0000000000000000        0x8 /mnt/walnut/build/kstring.o
 .text.__x86.get_pc_thunk.ax
                0x0000000000000000        0x4 /mnt/walnut/build/kstring.o
 .comment       0x0000000000000000       0x2c /mnt/walnut/build/kstring.o
 .eh_frame      0x0000000000000000      0x25c /mnt/walnut/build/kstring.o
 .group         0x0000000000000000        0x8 /mnt/walnut/build/list.o
 .group         0x0000000000000000        0x8 /mnt/walnut/build/list.o
 .text.__x86.get_pc_thunk.ax
                0x0000000000000000        0x4 /mnt/walnut/build/list.o
 .text.__x86.get_pc_thunk.bx
                0x0000000000000000        0x4 /mnt/walnut/build/list.o
 .comment       0x0000000000000000       0x2c /mnt/walnut/build/list.o
 .eh_frame      0x0000000000000000      0x26c /mnt/walnut/build/list.o
 .group         0x0000000000000000        0x8 /mnt/walnut/build/logging.o
 .text.__x86.get_pc_thunk.bx
                0x0000000000000000        0x4 /mnt/walnut/build/logging.o
 .comment       0x0000000000000000       0x2c /mnt/walnut/build/logging.o
 .eh_frame      0x0000000000000000       0x50 /mnt/walnut/build/logging.o
 .comment       0x0000000000000000       0x2c /mnt/walnut/build/main.o
 .eh_frame      0x0000000000000000       0x64 /mnt/walnut/build/main.o
 .group         0x0000000000000000        0x8 /mnt/walnut/build/memory.o
 .text.__x86.get_pc_thunk.ax
                0x0000000000000000        0x4 /mnt/walnut/build/memory.o
 .comment       0x0000000000000000       0x2c /mnt/walnut/build/memory.o
 .eh_frame      0x0000000000000000       0x74 /mnt/walnut/build/memory.o
 .group         0x0000000000000000        0x8 /mnt/walnut/build/mm.o
 .group         0x0000000000000000        0x8 /mnt/walnut/build/mm.o
 .group         0x0000000000000000        0x8 /mnt/walnut/build/mm.o
 .text.__x86.get_pc_thunk.ax
                0x0000000000000000        0x4 /mnt/walnut/build/mm.o
 .text.__x86.get_pc_thunk.cx
                0x0000000000000000        0x4 /mnt/walnut/build/mm.o
 .text.__x86.get_pc_thunk.bx
                0x0000000000000000        0x4 /mnt/walnut/build/mm.o
 .comment       0x0000000000000000       0x2c /mnt/walnut/build/mm.o
 .eh_frame      0x0000000000000000      0x270 /mnt/walnut/build/mm.o
 .comment       0x0000000000000000       0x2c /mnt/walnut/build/mmap.o
 .comment       0x0000000000000000       0x2c /mnt/walnut/build/msg_qeue.o
 .group         0x0000000000000000        0x8 /mnt/walnut/build/pci.o
 .text.__x86.get_pc_thunk.bx
                0x0000000000000000        0x4 /mnt/walnut/build/pci.o
 .comment       0x0000000000000000       0x2c /mnt/walnut/build/pci.o
 .eh_frame      0x0000000000000000       0x50 /mnt/walnut/build/pci.o
 .comment       0x0000000000000000       0x2c /mnt/walnut/build/pipe.o
 .comment       0x0000000000000000       0x2c /mnt/walnut/build/pm.o
 .eh_frame      0x0000000000000000       0xa0 /mnt/walnut/build/pm.o
 .group         0x0000000000000000        0x8 /mnt/walnut/build/sched.o
 .group         0x0000000000000000        0x8 /mnt/walnut/build/sched.o
 .text.__x86.get_pc_thunk.bx
                0x0000000000000000        0x4 /mnt/walnut/build/sched.o
 .comment       0x0000000000000000       0x2c /mnt/walnut/build/sched.o
 .eh_frame      0x0000000000000000       0xe4 /mnt/walnut/build/sched.o
 .comment       0x0000000000000000       0x2c /mnt/walnut/build/signal.o
 .comment       0x0000000000000000       0x2c /mnt/walnut/build/syscall.o
 .eh_frame      0x0000000000000000      0x764 /mnt/walnut/build/syscall.o
 .group         0x0000000000000000        0x8 /mnt/walnut/build/time.o
 .group         0x0000000000000000        0x8 /mnt/walnut/build/time.o
 .group         0x0000000000000000        0x8 /mnt/walnut/build/time.o
 .text.__x86.get_pc_thunk.ax
                0x0000000000000000        0x4 /mnt/walnut/build/time.o
 .text.__x86.get_pc_thunk.dx
                0x0000000000000000        0x4 /mnt/walnut/build/time.o
 .text.__x86.get_pc_thunk.bx
                0x0000000000000000        0x4 /mnt/walnut/build/time.o
 .comment       0x0000000000000000       0x2c /mnt/walnut/build/time.o
 .eh_frame      0x0000000000000000       0xe0 /mnt/walnut/build/time.o
 .group         0x0000000000000000        0x8 /mnt/walnut/build/timer.o
 .group         0x0000000000000000        0x8 /mnt/walnut/build/timer.o
 .text.__x86.get_pc_thunk.ax
                0x0000000000000000        0x4 /mnt/walnut/build/timer.o
 .text.__x86.get_pc_thunk.cx
                0x0000000000000000        0x4 /mnt/walnut/build/timer.o
 .comment       0x0000000000000000       0x2c /mnt/walnut/build/timer.o
 .eh_frame      0x0000000000000000       0x88 /mnt/walnut/build/timer.o
 .comment       0x0000000000000000       0x2c /mnt/walnut/build/trap_gate.o
 .eh_frame      0x0000000000000000      0x244 /mnt/walnut/build/trap_gate.o
 .group         0x0000000000000000        0x8 /mnt/walnut/build/tree.o
 .text.__x86.get_pc_thunk.ax
                0x0000000000000000        0x4 /mnt/walnut/build/tree.o
 .comment       0x0000000000000000       0x2c /mnt/walnut/build/tree.o
 .eh_frame      0x0000000000000000       0x4c /mnt/walnut/build/tree.o
 .group         0x0000000000000000        0x8 /mnt/walnut/build/vfs_file.o
 .group         0x0000000000000000        0x8 /mnt/walnut/build/vfs_file.o
 .text.__x86.get_pc_thunk.ax
                0x0000000000000000        0x4 /mnt/walnut/build/vfs_file.o
 .text.__x86.get_pc_thunk.bx
                0x0000000000000000        0x4 /mnt/walnut/build/vfs_file.o
 .comment       0x0000000000000000       0x2c /mnt/walnut/build/vfs_file.o
 .eh_frame      0x0000000000000000      0x208 /mnt/walnut/build/vfs_file.o
 .group         0x0000000000000000        0x8 /mnt/walnut/build/vfs_main.o
 .group         0x0000000000000000        0x8 /mnt/walnut/build/vfs_main.o
 .text.__x86.get_pc_thunk.ax
                0x0000000000000000        0x4 /mnt/walnut/build/vfs_main.o
 .text.__x86.get_pc_thunk.bx
                0x0000000000000000        0x4 /mnt/walnut/build/vfs_main.o
 .comment       0x0000000000000000       0x2c /mnt/walnut/build/vfs_main.o
 .eh_frame      0x0000000000000000      0x344 /mnt/walnut/build/vfs_main.o

内存配置

名称           来源             长度             属性
*default*        0x0000000000000000 0xffffffffffffffff

链结器命令稿和内存映射

                0x00000000c0100000                PROVIDE (kern_start = 0xc0100000)
                0x0000000000100000                . = 0x100000

.init.text      0x0000000000100000     0x1000
 *(.init.text)
 .init.text     0x0000000000100000       0x28 /mnt/walnut/build/boot.o
                0x000000000010000c                start
 .init.text     0x0000000000100028       0xf3 /mnt/walnut/build/main.o
                0x0000000000100028                main
                0x0000000000101000                . = ALIGN (0x1000)
 *fill*         0x000000000010011b      0xee5 

.init.data      0x0000000000101000     0x1000
 *(.init.data)
 .init.data     0x0000000000101000      0x404 /mnt/walnut/build/boot.o
                0x0000000000101400                mboot_ptr_tmp
 .init.data     0x0000000000101404        0xc /mnt/walnut/build/main.o
                0x0000000000101404                pdt_tmp
                0x0000000000101408                pte_low
                0x000000000010140c                pte_hign
                0x0000000000102000                . = ALIGN (0x1000)
 *fill*         0x0000000000101410      0xbf0 
                0x00000000c0102000                . = (. + 0xc0000000)

.text           0x00000000c0102000     0x7000 加载地址 0x0000000000102000
 *(.text)
 .text          0x00000000c0102000      0xd5a /mnt/walnut/build/console.o
                0x00000000c010213f                clear_screen
                0x00000000c01021a1                show_char
                0x00000000c01021ce                show_char_color
                0x00000000c01022f7                show_string
                0x00000000c010232f                show_string_color
                0x00000000c0102367                itoa
                0x00000000c010249f                show_hex_num
                0x00000000c01024fc                show_hex_num_color
                0x00000000c010254e                show_dec_num
                0x00000000c010259d                show_dec_num_color
                0x00000000c010288e                vsprintf
                0x00000000c0102cd5                sprintf
                0x00000000c0102d08                printf
 .text          0x00000000c0102d5a        0x0 /mnt/walnut/build/errorno.o
 .text          0x00000000c0102d5a      0x3ad /mnt/walnut/build/fork.o
                0x00000000c0102d5a                fork
                0x00000000c0102d86                copy_mem
                0x00000000c0102e1c                copy_process
                0x00000000c0103078                find_empty_process
 *fill*         0x00000000c0103107        0x9 
 .text          0x00000000c0103110       0x1d /mnt/walnut/build/gdt_s.o
                0x00000000c0103110                gdt_loader
 .text          0x00000000c010312d      0x3b6 /mnt/walnut/build/hd.o
                0x00000000c010312d                hd_cmd_excu
                0x00000000c01031d5                is_hd_ready
                0x00000000c010320f                wait_hd
                0x00000000c0103241                read_intr
                0x00000000c0103275                write_intr
                0x00000000c0103285                print_identify
                0x00000000c010334d                identify_intr
                0x00000000c0103396                hd_identify
                0x00000000c01033e9                init_hd
 .text          0x00000000c01034e3      0x750 /mnt/walnut/build/heap.o
                0x00000000c01034e3                init_heap
                0x00000000c0103568                kmalloc
                0x00000000c0103669                kfree
                0x00000000c0103adc                test_heap
 .text          0x00000000c0103c33       0x3a /mnt/walnut/build/init.o
                0x00000000c0103c33                init
 .text          0x00000000c0103c6d        0x0 /mnt/walnut/build/io.o
 .text          0x00000000c0103c6d      0x38c /mnt/walnut/build/kern_debug.o
                0x00000000c0103c6d                elf_from_multiboot
                0x00000000c0103d9e                init_debug
                0x00000000c0103ded                elf_lookup_symbol
                0x00000000c0103eb8                print_cur_status
                0x00000000c0103f75                panic
                0x00000000c0103fa6                print_stack_trace
 .text          0x00000000c0103ff9      0x624 /mnt/walnut/build/kstring.o
                0x00000000c0104070                memcmp
                0x00000000c01040ba                memset
                0x00000000c01040f4                memcpy
                0x00000000c0104136                strcpy
                0x00000000c010416f                strncpy
                0x00000000c01041b5                strcmp
                0x00000000c0104221                strncmp
                0x00000000c010428b                strnlen
                0x00000000c01042c7                atou
                0x00000000c0104375                simple_strtoull
                0x00000000c010447f                strlen
                0x00000000c01044be                strstr
                0x00000000c0104528                strchar
                0x00000000c0104578                strtok
 .text          0x00000000c010461d      0x7df /mnt/walnut/build/list.o
                0x00000000c010461d                que_pop
                0x00000000c010469a                stack_pop
                0x00000000c010470f                push
                0x00000000c0104771                insert_slist
                0x00000000c01047fb                del_slist
                0x00000000c01048a0                destroy_slist
                0x00000000c0104914                search_slist
                0x00000000c010497a                create_slist
                0x00000000c0104a39                insert_dlist
                0x00000000c0104ae2                del_dlist
                0x00000000c0104b9d                destroy_dlist
                0x00000000c0104c1d                search_dlist
                0x00000000c0104c83                create_dlist
                0x00000000c0104d29                getlast_lh
                0x00000000c0104d62                list_head_del_node
                0x00000000c0104dbe                push_ring_list
 .text          0x00000000c0104dfc       0x52 /mnt/walnut/build/logging.o
                0x00000000c0104dfc                logging
 .text          0x00000000c0104e4e      0x100 /mnt/walnut/build/main.o
                0x00000000c0104e4e                entry_kernel
 .text          0x00000000c0104f4e       0x4d /mnt/walnut/build/memory.o
                0x00000000c0104f4e                malloc
                0x00000000c0104f74                free
 .text          0x00000000c0104f9b      0xa2a /mnt/walnut/build/mm.o
                0x00000000c0104f9b                show_mem_map
                0x00000000c010503c                init_pmm
                0x00000000c01051c4                free_page
                0x00000000c0105241                alloc_page
                0x00000000c01052b7                do_no_page
                0x00000000c0105302                un_wp_page
                0x00000000c0105402                do_wp_page
                0x00000000c0105472                get_virt_page
                0x00000000c01054a1                free_virt_page
                0x00000000c01054c8                init_vmm
                0x00000000c01055cd                map
                0x00000000c0105684                unmap
                0x00000000c01056f5                get_mapping
                0x00000000c0105793                copy_page_tables
                0x00000000c0105922                free_page_tables
 .text          0x00000000c01059c5        0x0 /mnt/walnut/build/mmap.o
 .text          0x00000000c01059c5        0x0 /mnt/walnut/build/msg_qeue.o
 *fill*         0x00000000c01059c5        0xb 
 .text          0x00000000c01059d0       0x37 /mnt/walnut/build/page.o
                0x00000000c01059d0                page_fault
 .text          0x00000000c0105a07      0x198 /mnt/walnut/build/pci.o
                0x00000000c0105a07                init_pci
 .text          0x00000000c0105b9f        0x0 /mnt/walnut/build/pipe.o
 .text          0x00000000c0105b9f      0x526 /mnt/walnut/build/pm.o
                0x00000000c0105b9f                gdt_set_gate
                0x00000000c0105c0b                init_gdt
                0x00000000c0105ce7                idt_set_gate
                0x00000000c0105d51                init_idt
 .text          0x00000000c01060c5      0x324 /mnt/walnut/build/sched.o
                0x00000000c01060c5                show_task
                0x00000000c0106148                show_stat
                0x00000000c010619a                schedule
                0x00000000c01062c8                sched_init
 .text          0x00000000c01063e9        0x0 /mnt/walnut/build/signal.o
 *fill*         0x00000000c01063e9        0x7 
 .text          0x00000000c01063f0      0x1bb /mnt/walnut/build/sys_call.o
                0x00000000c0106400                system_call
                0x00000000c0106434                ret_from_sys_call
                0x00000000c010647a                coprocessor_error
                0x00000000c010649c                device_not_available
                0x00000000c01064d5                timer_interrupt
                0x00000000c010650c                sys_execve
                0x00000000c010651a                sys_fork
                0x00000000c0106532                hd_interrupt
                0x00000000c010656e                floppy_interrupt
                0x00000000c01065a4                parallel_interrupt
 .text          0x00000000c01065ab      0x6f3 /mnt/walnut/build/syscall.o
                0x00000000c01065ab                uname
                0x00000000c01065e1                do_timer
                0x00000000c010664b                sys_alarm
                0x00000000c01066b6                sys_getpid
                0x00000000c01066c6                sys_getppid
                0x00000000c01066d6                sys_getuid
                0x00000000c01066ea                sys_geteuid
                0x00000000c01066fe                sys_getgid
                0x00000000c0106712                sys_getegid
                0x00000000c0106726                sys_nice
                0x00000000c0106752                sys_setup
                0x00000000c010675c                sys_waitpid
                0x00000000c0106766                sys_exit
                0x00000000c0106770                sys_pause
                0x00000000c010677a                sys_utime
                0x00000000c0106784                sys_access
                0x00000000c010678e                sys_sync
                0x00000000c0106798                sys_kill
                0x00000000c01067a2                sys_dup
                0x00000000c01067ac                sys_pipe
                0x00000000c01067b6                sys_signal
                0x00000000c01067c0                sys_ioctl
                0x00000000c01067ca                sys_chroot
                0x00000000c01067d4                sys_ustat
                0x00000000c01067de                sys_dup2
                0x00000000c01067e8                sys_sigaction
                0x00000000c01067f2                sys_sgetmask
                0x00000000c01067fc                sys_ssetmask
                0x00000000c0106806                do_signal
                0x00000000c010680c                math_error
                0x00000000c0106812                math_state_restore
                0x00000000c0106818                math_emulate
                0x00000000c010684b                do_execve
                0x00000000c0106855                unexpected_hd_interrupt
                0x00000000c010686e                unexpected_floppy_interrupt
                0x00000000c0106874                sys_ftime
                0x00000000c010687e                sys_break
                0x00000000c0106888                sys_ptrace
                0x00000000c0106892                sys_stty
                0x00000000c010689c                sys_gtty
                0x00000000c01068a6                sys_prof
                0x00000000c01068b0                sys_setregid
                0x00000000c0106946                sys_setgid
                0x00000000c0106959                sys_acct
                0x00000000c0106963                sys_phys
                0x00000000c010696d                sys_lock
                0x00000000c0106977                sys_mpx
                0x00000000c0106981                sys_ulimit
                0x00000000c010698b                sys_setreuid
                0x00000000c0106a2d                sys_setuid
                0x00000000c0106a40                sys_stime
                0x00000000c0106a4a                sys_times
                0x00000000c0106a54                sys_brk
                0x00000000c0106a97                sys_setpgid
                0x00000000c0106b64                sys_getpgrp
                0x00000000c0106b74                sys_setsid
                0x00000000c0106be1                sys_uname
                0x00000000c0106c6b                sys_umask
 .text          0x00000000c0106c9e      0x564 /mnt/walnut/build/time.o
                0x00000000c0106c9e                time
                0x00000000c0106ce4                mktime
                0x00000000c0106e0f                localtime
                0x00000000c010701d                sys_time
 .text          0x00000000c0107202       0xa4 /mnt/walnut/build/timer.o
                0x00000000c0107202                timer_callback
                0x00000000c010723c                init_timer
 .text          0x00000000c01072a6      0x3ed /mnt/walnut/build/trap_gate.o
                0x00000000c0107422                do_double_fault
                0x00000000c0107441                do_general_protection
                0x00000000c0107460                do_divide_error
                0x00000000c010747f                do_int3
                0x00000000c010750e                do_nmi
                0x00000000c010752d                do_debug
                0x00000000c010754c                do_overflow
                0x00000000c010756b                do_bounds
                0x00000000c010758a                do_invalid_op
                0x00000000c01075a9                do_device_not_available
                0x00000000c01075c8                do_coprocessor_segment_overrun
                0x00000000c01075e7                do_invalid_TSS
                0x00000000c0107606                do_segment_not_present
                0x00000000c0107625                do_stack_segment
                0x00000000c0107644                do_coprocessor_error
                0x00000000c0107674                do_reserved
 *fill*         0x00000000c0107693        0xd 
 .text          0x00000000c01076a0       0xd5 /mnt/walnut/build/traps.o
                0x00000000c01076a0                divide_error
                0x00000000c01076d5                debug
                0x00000000c01076dc                nmi
                0x00000000c01076e3                int3
                0x00000000c01076ea                overflow
                0x00000000c01076f1                bounds
                0x00000000c01076f8                invalid_op
                0x00000000c01076ff                coprocessor_segment_overrun
                0x00000000c0107706                reserved
                0x00000000c010770d                irq13
                0x00000000c0107722                double_fault
                0x00000000c0107759                invalid_TSS
                0x00000000c0107760                segment_not_present
                0x00000000c0107767                stack_segment
                0x00000000c010776e                general_protection
 .text          0x00000000c0107775       0x10 /mnt/walnut/build/tree.o
                0x00000000c0107775                travel_tree
 .text          0x00000000c0107785      0x89b /mnt/walnut/build/vfs_file.o
                0x00000000c0107785                getfile
                0x00000000c01077d2                get_fd
                0x00000000c01078f4                sys_read
                0x00000000c0107942                sys_write
                0x00000000c0107990                sys_open
                0x00000000c0107b1e                sys_close
                0x00000000c0107ba3                sys_create
                0x00000000c0107d42                sys_lseek
                0x00000000c0107df3                sys_fstat
                0x00000000c0107f3b                sys_fcntl
                0x00000000c0107fea                sys_stat
 .text          0x00000000c0108020      0xea4 /mnt/walnut/build/vfs_main.o
                0x00000000c0108020                get_name_from_path
                0x00000000c010808a                sget
                0x00000000c01080f8                search_vfsmnt
                0x00000000c0108222                search_subdir
                0x00000000c01082c8                vfs_get_path
                0x00000000c01084b9                find_filesystem
                0x00000000c0108511                sys_mount
                0x00000000c010864e                destroy_dentry
                0x00000000c0108675                destroy_vfsmnt
                0x00000000c01087cc                sys_umount
                0x00000000c0108929                sys_mknod
                0x00000000c010894e                sys_chmod
                0x00000000c01089a5                sys_chown
                0x00000000c0108a10                sys_link
                0x00000000c0108a9b                sys_unlink
                0x00000000c0108aee                sys_chdir
                0x00000000c0108b4e                sys_mkdir
                0x00000000c0108cb3                sys_rmdir
                0x00000000c0108d12                sys_rename
                0x00000000c0108dd0                find_inode
                0x00000000c0108e2b                register_filesystem
                0x00000000c0108eb4                init_fs
                0x00000000c0109000                . = ALIGN (0x1000)
 *fill*         0x00000000c0108ec4      0x13c 

.iplt           0x00000000c0109000        0x0 加载地址 0x0000000000109000
 .iplt          0x00000000c0109000        0x0 /mnt/walnut/build/boot.o

.text.__x86.get_pc_thunk.ax
                0x00000000c0109000        0x4 加载地址 0x0000000000109000
 .text.__x86.get_pc_thunk.ax
                0x00000000c0109000        0x4 /mnt/walnut/build/console.o
                0x00000000c0109000                __x86.get_pc_thunk.ax

.text.__x86.get_pc_thunk.cx
                0x00000000c0109004        0x4 加载地址 0x0000000000109004
 .text.__x86.get_pc_thunk.cx
                0x00000000c0109004        0x4 /mnt/walnut/build/console.o
                0x00000000c0109004                __x86.get_pc_thunk.cx

.text.__x86.get_pc_thunk.bx
                0x00000000c0109008        0x4 加载地址 0x0000000000109008
 .text.__x86.get_pc_thunk.bx
                0x00000000c0109008        0x4 /mnt/walnut/build/console.o
                0x00000000c0109008                __x86.get_pc_thunk.bx

.text.__x86.get_pc_thunk.dx
                0x00000000c010900c        0x4 加载地址 0x000000000010900c
 .text.__x86.get_pc_thunk.dx
                0x00000000c010900c        0x4 /mnt/walnut/build/sched.o
                0x00000000c010900c                __x86.get_pc_thunk.dx

.rel.dyn        0x00000000c0109010        0x0 加载地址 0x0000000000109010
 .rel.got       0x00000000c0109010        0x0 /mnt/walnut/build/boot.o
 .rel.iplt      0x00000000c0109010        0x0 /mnt/walnut/build/boot.o
 .rel.text      0x00000000c0109010        0x0 /mnt/walnut/build/boot.o
 .rel.init.text
                0x00000000c0109010        0x0 /mnt/walnut/build/boot.o

.data           0x00000000c0109020      0xfe0 加载地址 0x0000000000109020
 *(.data)
 .data          0x00000000c0109020        0x4 /mnt/walnut/build/console.o
 .data          0x00000000c0109024        0x0 /mnt/walnut/build/errorno.o
 .data          0x00000000c0109024        0x0 /mnt/walnut/build/fork.o
 .data          0x00000000c0109024        0x0 /mnt/walnut/build/hd.o
 .data          0x00000000c0109024        0x4 /mnt/walnut/build/heap.o
 .data          0x00000000c0109028        0x0 /mnt/walnut/build/init.o
 .data          0x00000000c0109028        0x0 /mnt/walnut/build/io.o
 .data          0x00000000c0109028        0x0 /mnt/walnut/build/kern_debug.o
 .data          0x00000000c0109028        0x0 /mnt/walnut/build/kstring.o
 .data          0x00000000c0109028        0x0 /mnt/walnut/build/list.o
 .data          0x00000000c0109028        0x0 /mnt/walnut/build/logging.o
 .data          0x00000000c0109028        0x0 /mnt/walnut/build/main.o
 .data          0x00000000c0109028        0x0 /mnt/walnut/build/memory.o
 .data          0x00000000c0109028        0x0 /mnt/walnut/build/mm.o
 .data          0x00000000c0109028        0x0 /mnt/walnut/build/mmap.o
 .data          0x00000000c0109028        0x0 /mnt/walnut/build/msg_qeue.o
 .data          0x00000000c0109028        0x0 /mnt/walnut/build/pci.o
 .data          0x00000000c0109028        0x0 /mnt/walnut/build/pipe.o
 .data          0x00000000c0109028        0x0 /mnt/walnut/build/pm.o
 .data          0x00000000c0109028        0x0 /mnt/walnut/build/sched.o
 .data          0x00000000c0109028        0x0 /mnt/walnut/build/signal.o
 *fill*         0x00000000c0109028       0x18 
 .data          0x00000000c0109040      0x120 /mnt/walnut/build/syscall.o
                0x00000000c0109040                sys_call_table
 .data          0x00000000c0109160        0xc /mnt/walnut/build/time.o
                0x00000000c0109160                mon_days
 .data          0x00000000c010916c        0x0 /mnt/walnut/build/timer.o
 .data          0x00000000c010916c        0x0 /mnt/walnut/build/trap_gate.o
 .data          0x00000000c010916c        0x0 /mnt/walnut/build/tree.o
 .data          0x00000000c010916c        0x0 /mnt/walnut/build/vfs_file.o
 .data          0x00000000c010916c        0x0 /mnt/walnut/build/vfs_main.o
 *(.rodata)
 .rodata        0x00000000c010916c      0x1a4 /mnt/walnut/build/console.o
 .rodata        0x00000000c0109310       0xaf /mnt/walnut/build/hd.o
 *fill*         0x00000000c01093bf        0x1 
 .rodata        0x00000000c01093c0       0xc8 /mnt/walnut/build/heap.o
 .rodata        0x00000000c0109488       0x18 /mnt/walnut/build/init.o
 .rodata        0x00000000c01094a0       0x94 /mnt/walnut/build/kern_debug.o
 .rodata        0x00000000c0109534       0x56 /mnt/walnut/build/main.o
 *fill*         0x00000000c010958a        0x2 
 .rodata        0x00000000c010958c       0xf0 /mnt/walnut/build/mm.o
 .rodata        0x00000000c010967c       0x13 /mnt/walnut/build/pm.o
 *fill*         0x00000000c010968f        0x1 
 .rodata        0x00000000c0109690       0x63 /mnt/walnut/build/sched.o
 .rodata        0x00000000c01096f3       0x32 /mnt/walnut/build/syscall.o
 *fill*         0x00000000c0109725        0x3 
 .rodata        0x00000000c0109728       0x38 /mnt/walnut/build/timer.o
 .rodata        0x00000000c0109760      0x1e7 /mnt/walnut/build/trap_gate.o
 *fill*         0x00000000c0109947        0x1 
 .rodata        0x00000000c0109948       0x14 /mnt/walnut/build/vfs_file.o
 .rodata        0x00000000c010995c       0x42 /mnt/walnut/build/vfs_main.o
                0x00000000c010a000                . = ALIGN (0x1000)
 *fill*         0x00000000c010999e      0x662 

.got            0x00000000c010a000        0x0 加载地址 0x000000000010a000
 .got           0x00000000c010a000        0x0 /mnt/walnut/build/boot.o

.got.plt        0x00000000c010a000        0xc 加载地址 0x000000000010a000
 .got.plt       0x00000000c010a000        0xc /mnt/walnut/build/boot.o
                0x00000000c010a000                _GLOBAL_OFFSET_TABLE_

.igot.plt       0x00000000c010a00c        0x0 加载地址 0x000000000010a00c
 .igot.plt      0x00000000c010a00c        0x0 /mnt/walnut/build/boot.o

.data.rel.local
                0x00000000c010a020     0x1180 加载地址 0x000000000010a020
 .data.rel.local
                0x00000000c010a020     0x1180 /mnt/walnut/build/sched.o
                0x00000000c010b020                tss
                0x00000000c010b088                current
                0x00000000c010b0a0                task

.bss            0x00000000c010b1a0     0x2ea0 加载地址 0x000000000010b1a0
 *(.bss)
 .bss           0x00000000c010b1a0        0x2 /mnt/walnut/build/console.o
 .bss           0x00000000c010b1a2        0x0 /mnt/walnut/build/errorno.o
 *fill*         0x00000000c010b1a2        0x2 
 .bss           0x00000000c010b1a4        0x4 /mnt/walnut/build/fork.o
                0x00000000c010b1a4                last_pid
 .bss           0x00000000c010b1a8        0x4 /mnt/walnut/build/hd.o
                0x00000000c010b1a8                hdbuffer
 .bss           0x00000000c010b1ac        0x8 /mnt/walnut/build/heap.o
 .bss           0x00000000c010b1b4        0x0 /mnt/walnut/build/init.o
 .bss           0x00000000c010b1b4        0x0 /mnt/walnut/build/io.o
 .bss           0x00000000c010b1b4       0x14 /mnt/walnut/build/kern_debug.o
 .bss           0x00000000c010b1c8        0x4 /mnt/walnut/build/kstring.o
 .bss           0x00000000c010b1cc        0x0 /mnt/walnut/build/list.o
 .bss           0x00000000c010b1cc        0x0 /mnt/walnut/build/logging.o
 .bss           0x00000000c010b1cc        0x0 /mnt/walnut/build/main.o
 .bss           0x00000000c010b1cc        0x0 /mnt/walnut/build/memory.o
 .bss           0x00000000c010b1cc       0x14 /mnt/walnut/build/mm.o
                0x00000000c010b1cc                page_count
                0x00000000c010b1d0                end_addr
                0x00000000c010b1d4                start_addr
                0x00000000c010b1d8                pdt
 .bss           0x00000000c010b1e0        0x0 /mnt/walnut/build/mmap.o
 .bss           0x00000000c010b1e0        0x0 /mnt/walnut/build/msg_qeue.o
 .bss           0x00000000c010b1e0        0x8 /mnt/walnut/build/pci.o
                0x00000000c010b1e0                g_pciinfo
 .bss           0x00000000c010b1e8        0x0 /mnt/walnut/build/pipe.o
 *fill*         0x00000000c010b1e8       0x18 
 .bss           0x00000000c010b200      0x900 /mnt/walnut/build/pm.o
                0x00000000c010b200                gdt_entry
                0x00000000c010b300                idt_entry
 .bss           0x00000000c010bb00        0x4 /mnt/walnut/build/sched.o
                0x00000000c010bb00                last_task_used_math
 .bss           0x00000000c010bb04        0x0 /mnt/walnut/build/signal.o
 .bss           0x00000000c010bb04        0x0 /mnt/walnut/build/syscall.o
 .bss           0x00000000c010bb04        0x0 /mnt/walnut/build/time.o
 .bss           0x00000000c010bb04        0x0 /mnt/walnut/build/timer.o
 .bss           0x00000000c010bb04        0x0 /mnt/walnut/build/trap_gate.o
 .bss           0x00000000c010bb04        0x0 /mnt/walnut/build/tree.o
 .bss           0x00000000c010bb04        0x0 /mnt/walnut/build/vfs_file.o
 .bss           0x00000000c010bb04        0x0 /mnt/walnut/build/vfs_main.o
                0x00000000c010c000                . = ALIGN (0x1000)
 *fill*         0x00000000c010bb04      0x4fc 
 COMMON         0x00000000c010c000        0x4 /mnt/walnut/build/errorno.o
                0x00000000c010c000                errno
 COMMON         0x00000000c010c004        0x4 /mnt/walnut/build/heap.o
                0x00000000c010c004                current_pdt
 *fill*         0x00000000c010c008        0x8 
 COMMON         0x00000000c010c010     0x2010 /mnt/walnut/build/main.o
                0x00000000c010c010                user_stack_top
                0x00000000c010c020                user_stack
 COMMON         0x00000000c010e020        0x4 /mnt/walnut/build/mm.o
                0x00000000c010e020                glb_mboot_ptr
 COMMON         0x00000000c010e024        0x8 /mnt/walnut/build/sched.o
                0x00000000c010e024                startup_time
                0x00000000c010e028                jiffies
 COMMON         0x00000000c010e02c        0x8 /mnt/walnut/build/syscall.o
                0x00000000c010e02c                do_hd
                0x00000000c010e030                do_floppy
 COMMON         0x00000000c010e034        0xc /mnt/walnut/build/vfs_main.o
                0x00000000c010e034                g_vfsmount
                0x00000000c010e038                g_fslist
                0x00000000c010e03c                g_sblk

.stab           0x00000000c010e040    0x11fc0 加载地址 0x000000000010e040
 *(.stab)
 .stab          0x00000000c010e040        0xc /mnt/walnut/build/boot.o
 .stab          0x00000000c010e04c     0x1b3c /mnt/walnut/build/console.o
                                       0x1b48 (松开之前的大小)
 .stab          0x00000000c010fb88      0x168 /mnt/walnut/build/errorno.o
                                        0x174 (松开之前的大小)
 .stab          0x00000000c010fcf0      0xb1c /mnt/walnut/build/fork.o
                                        0xc78 (松开之前的大小)
 .stab          0x00000000c011080c       0x90 /mnt/walnut/build/gdt_s.o
                                         0x9c (松开之前的大小)
 .stab          0x00000000c011089c      0x8d0 /mnt/walnut/build/hd.o
                                        0xabc (松开之前的大小)
 .stab          0x00000000c011116c      0xcf0 /mnt/walnut/build/heap.o
                                        0xe94 (松开之前的大小)
 .stab          0x00000000c0111e5c      0x414 /mnt/walnut/build/init.o
                                        0x6cc (松开之前的大小)
 .stab          0x00000000c0112270      0x15c /mnt/walnut/build/io.o
                                        0x168 (松开之前的大小)
 .stab          0x00000000c01123cc      0x720 /mnt/walnut/build/kern_debug.o
                                        0x900 (松开之前的大小)
 .stab          0x00000000c0112aec     0x10e0 /mnt/walnut/build/kstring.o
                                       0x1200 (松开之前的大小)
 .stab          0x00000000c0113bcc     0x1194 /mnt/walnut/build/list.o
                                       0x1338 (松开之前的大小)
 .stab          0x00000000c0114d60      0x234 /mnt/walnut/build/logging.o
                                        0x39c (松开之前的大小)
 .stab          0x00000000c0114f94      0x618 /mnt/walnut/build/main.o
                                        0xb64 (松开之前的大小)
 .stab          0x00000000c01155ac      0x258 /mnt/walnut/build/memory.o
                                        0x444 (松开之前的大小)
 .stab          0x00000000c0115804     0x1344 /mnt/walnut/build/mm.o
                                       0x1824 (松开之前的大小)
 .stab          0x00000000c0116b48      0x15c /mnt/walnut/build/mmap.o
                                        0x168 (松开之前的大小)
 .stab          0x00000000c0116ca4      0x15c /mnt/walnut/build/msg_qeue.o
                                        0x168 (松开之前的大小)
 .stab          0x00000000c0116e00      0x150 /mnt/walnut/build/page.o
                                        0x15c (松开之前的大小)
 .stab          0x00000000c0116f50      0x4c8 /mnt/walnut/build/pci.o
                                        0x738 (松开之前的大小)
 .stab          0x00000000c0117418      0x15c /mnt/walnut/build/pipe.o
                                        0x168 (松开之前的大小)
 .stab          0x00000000c0117574      0x720 /mnt/walnut/build/pm.o
                                        0x90c (松开之前的大小)
 .stab          0x00000000c0117c94      0x84c /mnt/walnut/build/sched.o
                                        0xb34 (松开之前的大小)
 .stab          0x00000000c01184e0      0x15c /mnt/walnut/build/signal.o
                                        0x168 (松开之前的大小)
 .stab          0x00000000c011863c      0x8dc /mnt/walnut/build/sys_call.o
                                        0x8e8 (松开之前的大小)
 .stab          0x00000000c0118f18     0x1c14 /mnt/walnut/build/syscall.o
                                       0x2100 (松开之前的大小)
 .stab          0x00000000c011ab2c      0x8f4 /mnt/walnut/build/time.o
                                        0xc90 (松开之前的大小)
 .stab          0x00000000c011b420      0x384 /mnt/walnut/build/timer.o
                                        0x810 (松开之前的大小)
 .stab          0x00000000c011b7a4      0xb70 /mnt/walnut/build/trap_gate.o
                                        0xff0 (松开之前的大小)
 .stab          0x00000000c011c314      0x498 /mnt/walnut/build/traps.o
                                        0x4a4 (松开之前的大小)
 .stab          0x00000000c011c7ac      0x1bc /mnt/walnut/build/tree.o
                                        0x1c8 (松开之前的大小)
 .stab          0x00000000c011c968      0xffc /mnt/walnut/build/vfs_file.o
                                       0x150c (松开之前的大小)
 .stab          0x00000000c011d964     0x1aac /mnt/walnut/build/vfs_main.o
                                       0x1fb0 (松开之前的大小)
                0x00000000c0120000                . = ALIGN (0x1000)
 *fill*         0x00000000c011f410      0xbf0 

.note.GNU-stack
                0x0000000000000000        0x0
 .note.GNU-stack
                0x0000000000000000        0x0 /mnt/walnut/build/console.o
 .note.GNU-stack
                0x0000000000000000        0x0 /mnt/walnut/build/errorno.o
 .note.GNU-stack
                0x0000000000000000        0x0 /mnt/walnut/build/fork.o
 .note.GNU-stack
                0x0000000000000000        0x0 /mnt/walnut/build/hd.o
 .note.GNU-stack
                0x0000000000000000        0x0 /mnt/walnut/build/heap.o
 .note.GNU-stack
                0x0000000000000000        0x0 /mnt/walnut/build/init.o
 .note.GNU-stack
                0x0000000000000000        0x0 /mnt/walnut/build/io.o
 .note.GNU-stack
                0x0000000000000000        0x0 /mnt/walnut/build/kern_debug.o
 .note.GNU-stack
                0x0000000000000000        0x0 /mnt/walnut/build/kstring.o
 .note.GNU-stack
                0x0000000000000000        0x0 /mnt/walnut/build/list.o
 .note.GNU-stack
                0x0000000000000000        0x0 /mnt/walnut/build/logging.o
 .note.GNU-stack
                0x0000000000000000        0x0 /mnt/walnut/build/main.o
 .note.GNU-stack
                0x0000000000000000        0x0 /mnt/walnut/build/memory.o
 .note.GNU-stack
                0x0000000000000000        0x0 /mnt/walnut/build/mm.o
 .note.GNU-stack
                0x0000000000000000        0x0 /mnt/walnut/build/mmap.o
 .note.GNU-stack
                0x0000000000000000        0x0 /mnt/walnut/build/msg_qeue.o
 .note.GNU-stack
                0x0000000000000000        0x0 /mnt/walnut/build/pci.o
 .note.GNU-stack
                0x0000000000000000        0x0 /mnt/walnut/build/pipe.o
 .note.GNU-stack
                0x0000000000000000        0x0 /mnt/walnut/build/pm.o
 .note.GNU-stack
                0x0000000000000000        0x0 /mnt/walnut/build/sched.o
 .note.GNU-stack
                0x0000000000000000        0x0 /mnt/walnut/build/signal.o
 .note.GNU-stack
                0x0000000000000000        0x0 /mnt/walnut/build/syscall.o
 .note.GNU-stack
                0x0000000000000000        0x0 /mnt/walnut/build/time.o
 .note.GNU-stack
                0x0000000000000000        0x0 /mnt/walnut/build/timer.o
 .note.GNU-stack
                0x0000000000000000        0x0 /mnt/walnut/build/trap_gate.o
 .note.GNU-stack
                0x0000000000000000        0x0 /mnt/walnut/build/tree.o
 .note.GNU-stack
                0x0000000000000000        0x0 /mnt/walnut/build/vfs_file.o
 .note.GNU-stack
                0x0000000000000000        0x0 /mnt/walnut/build/vfs_main.o

.stabstr        0x00000000c0120000     0xc000 加载地址 0x0000000000120000
 *(.stabstr)
 .stabstr       0x00000000c0120000     0xb37b /mnt/walnut/build/boot.o
                0x00000000c012c000                . = ALIGN (0x1000)
 *fill*         0x00000000c012b37b      0xc85 
                0x00000000c012c000                PROVIDE (kern_end = .)

/DISCARD/
 *(.comment)
 *(.eh_frame)
LOAD /mnt/walnut/build/boot.o
LOAD /mnt/walnut/build/console.o
LOAD /mnt/walnut/build/errorno.o
LOAD /mnt/walnut/build/fork.o
LOAD /mnt/walnut/build/gdt_s.o
LOAD /mnt/walnut/build/hd.o
LOAD /mnt/walnut/build/heap.o
LOAD /mnt/walnut/build/init.o
LOAD /mnt/walnut/build/io.o
LOAD /mnt/walnut/build/kern_debug.o
LOAD /mnt/walnut/build/kstring.o
LOAD /mnt/walnut/build/list.o
LOAD /mnt/walnut/build/logging.o
LOAD /mnt/walnut/build/main.o
LOAD /mnt/walnut/build/memory.o
LOAD /mnt/walnut/build/mm.o
LOAD /mnt/walnut/build/mmap.o
LOAD /mnt/walnut/build/msg_qeue.o
LOAD /mnt/walnut/build/page.o
LOAD /mnt/walnut/build/pci.o
LOAD /mnt/walnut/build/pipe.o
LOAD /mnt/walnut/build/pm.o
LOAD /mnt/walnut/build/sched.o
LOAD /mnt/walnut/build/signal.o
LOAD /mnt/walnut/build/sys_call.o
LOAD /mnt/walnut/build/syscall.o
LOAD /mnt/walnut/build/time.o
LOAD /mnt/walnut/build/timer.o
LOAD /mnt/walnut/build/trap_gate.o
LOAD /mnt/walnut/build/traps.o
LOAD /mnt/walnut/build/tree.o
LOAD /mnt/walnut/build/vfs_file.o
LOAD /mnt/walnut/build/vfs_main.o
OUTPUT(walnut elf32-i386)
